// Vitest Snapshot v1, https://vitest.dev/guide/snapshot.html

exports[`for -> if 1`] = `""use strict";let s="";const k_1_0=Object.keys(c.names);const l_1_0=k_1_0.length;for(let i_1_0=0;i_1_0<l_1_0;i_1_0++){const c_i_1_0={...c,name:c.names[k_1_0[i_1_0]],loop:{index:i_1_0,first:i_1_0===0,last:i_1_0===l_1_0,length:l_1_0}};if(c_i_1_0.name){s+=e(c_i_1_0.name);}}return s;"`;

exports[`for -> if/else  1`] = `""use strict";let s="";const k_1_0=Object.keys(c.names);const l_1_0=k_1_0.length;for(let i_1_0=0;i_1_0<l_1_0;i_1_0++){const c_i_1_0={...c,name:c.names[k_1_0[i_1_0]],loop:{index:i_1_0,first:i_1_0===0,last:i_1_0===l_1_0,length:l_1_0}};if(c_i_1_0.name){s+=e(c_i_1_0.name);}else{s+="***";}}return s;"`;

exports[`for -> if/else - literal 1`] = `""use strict";let s="";const k_1_0=Object.keys(c.names);const l_1_0=k_1_0.length;for(let i_1_0=0;i_1_0<l_1_0;i_1_0++){const c_i_1_0={...c,name:c.names[k_1_0[i_1_0]],loop:{index:i_1_0,first:i_1_0===0,last:i_1_0===l_1_0,length:l_1_0}};if(c_i_1_0.name){s+=e(c_i_1_0.name);}else{s+=e("***");}}return s;"`;

exports[`if -> for -> if 1`] = `""use strict";let s="";if(c.name){const k_2_0=Object.keys(c.names);const l_2_0=k_2_0.length;for(let i_2_0=0;i_2_0<l_2_0;i_2_0++){const c_i_2_0={...c,name:c.names[k_2_0[i_2_0]],loop:{index:i_2_0,first:i_2_0===0,last:i_2_0===l_2_0,length:l_2_0}};if(c_i_2_0.name){s+=e(c_i_2_0.name);}}}return s;"`;

exports[`if -> for 1`] = `""use strict";let s="";if(c.names){const k_2_0=Object.keys(c.names);const l_2_0=k_2_0.length;for(let i_2_0=0;i_2_0<l_2_0;i_2_0++){const c_i_2_0={...c,name:c.names[k_2_0[i_2_0]],loop:{index:i_2_0,first:i_2_0===0,last:i_2_0===l_2_0,length:l_2_0}};s+=e(c_i_2_0.name);}}return s;"`;
