// Vitest Snapshot v1, https://vitest.dev/guide/snapshot.html

exports[`basic 1`] = `""use strict";let s = "";s+=e(c.x);return s;"`;

exports[`basic 2`] = `""use strict";let s = "";s+=e(c.= x);return s;"`;

exports[`duo 1`] = `""use strict";let s = "";s+=e(c.x);s+=" and ";s+=e(c.x);return s;"`;

exports[`expression > arithmetic 1`] = `""use strict";let s = "";s+=e(c.x+2);s+=e(c.x-2);s+=e(c.x*2);s+=e(c.x/2);s+=e(c.x**2);return s;"`;

exports[`expression > array/object member 1`] = `""use strict";let s = "";s+=e(c.x[2]);s+=e(c.y["foo"]);s+=e(c.z.bar);return s;"`;

exports[`filter > basic 1`] = `""use strict";let s = "";s+=e(f.upper(c.x));return s;"`;

exports[`filter > duo 1`] = `""use strict";let s = "";s+=e(f.upper(c.x));s+=" and ";s+=e(f.upper(c.x));return s;"`;

exports[`filter > multiple 1`] = `""use strict";let s = "";s+=e(f.lower(f.upper(c.x)));return s;"`;

exports[`filter > safe 1`] = `""use strict";let s = "";s+=e(f.safe(c.x));return s;"`;

exports[`filter > w/ params 1`] = `""use strict";let s = "";s+=e(f.split(c.name,""));return s;"`;

exports[`literal > array 1`] = `""use strict";let s = "";s+=e([1, "1"]);return s;"`;

exports[`literal > boolean 1`] = `""use strict";let s = "";s+=e(true);return s;"`;

exports[`literal > boolean 2`] = `""use strict";let s = "";s+=e(false);return s;"`;

exports[`literal > number 1`] = `""use strict";let s = "";s+=e(1314);return s;"`;

exports[`literal > number 2`] = `""use strict";let s = "";s+=e(13.14);return s;"`;

exports[`literal > object 1`] = `""use strict";let s = "";s+=e({ x: 1 });return s;"`;

exports[`literal > string 1`] = `""use strict";let s = "";s+=e("*");return s;"`;

exports[`multiple 1`] = `""use strict";let s = "";s+=e(c.x);s+=" and ";s+=e(c.y);return s;"`;

exports[`nesting 1`] = `""use strict";let s = "";s+=e(c.x);s+=e(c.x.y);s+=e(c.x.y.z);return s;"`;
