// Vitest Snapshot v1, https://vitest.dev/guide/snapshot.html

exports[`for loop - nested 1`] = `"|f in foo in foo,bar||o in foo in foo,bar||o in foo in foo,bar||b in bar in foo,bar||a in bar in foo,bar||r in bar in foo,bar|"`;

exports[`for loop 1`] = `"foobar"`;

exports[`for loop 2`] = `" foo  bar "`;

exports[`if - else 1`] = `"foo"`;

exports[`if - else 2`] = `"*"`;

exports[`interpolate 1`] = `"foo"`;

exports[`interpolate 2`] = `"foo and foo"`;

exports[`interpolate 3`] = `"*"`;

exports[`mixed 1`] = `"foo*bar"`;

exports[`options > autoEscape > off 1`] = `"" <foo>	</foo> <>"`;

exports[`options > autoEscape > on 1`] = `"" &amp;lt;foo&amp;gt;	&amp;lt;/foo&amp;gt; <>"`;
